// Jest Snapshot v1, https://goo.gl/fbAQLP

exports[`<CountryMap> matched the snapshot 1`] = `
<div>
   
  Map
   
</div>
`;
